
> starter_helpi@0.1.0 test
> react-scripts test --coverage

FAIL src/App.test.tsx
  ✕ renders learn react link (125 ms)

  ● renders learn react link

    TestingLibraryElementError: Unable to find an element with the text: /learn react/i. This could be because the text is broken up by multiple elements. In this case, you can provide a function for your text matcher to make your matcher more flexible.

    Ignored nodes: comments, script, style
    [36m<body>[39m
      [36m<div>[39m
        [36m<div[39m
          [33mclass[39m=[32m"App"[39m
        [36m>[39m
          [36m<div[39m
            [33mstyle[39m=[32m"position: relative; height: 100vh; overflow: hidden;"[39m
          [36m>[39m
            [36m<img[39m
              [33malt[39m=[32m"galaxybackground"[39m
              [33msrc[39m=[32m"galaxybackground.jpg"[39m
              [33mstyle[39m=[32m"z-index: 0; position: absolute; right: 0%; width: 100vw; height: 100vh; background-size: cover; background-position: center;"[39m
            [36m/>[39m
            [36m<div[39m
              [33mstyle[39m=[32m"position: relative; overflow: hidden; margin: 0px auto;"[39m
            [36m>[39m
              [36m<div[39m
                [33mhidden[39m=[32m""[39m
              [36m>[39m
                [36m<span>[39m
                  [36m<div[39m
                    [33mclass[39m=[32m"loading-container"[39m
                  [36m>[39m
                    [36m<img[39m
                      [33malt[39m=[32m"Loading..."[39m
                      [33msrc[39m=[32m"time-9132_256.gif"[39m
                    [36m/>[39m
                  [36m</div>[39m
                  [36m<div[39m
                    [33mclass[39m=[32m"report-image"[39m
                  [36m>[39m
                    [36m<img[39m
                      [33malt[39m=[32m"usagi"[39m
                      [33mhidden[39m=[32m""[39m
                      [33msrc[39m=[32m"usagiwithglasses-removebg-preview.png"[39m
                      [33mstyle[39m=[32m"z-index: 10000; position: fixed; width: 200px; height: 200px; top: 205px; left: 130px;"[39m
                    [36m/>[39m
                  [36m</div>[39m
                [36m</span>[39m
              [36m</div>[39m
              [36m<div[39m
                [33mclass[39m=[32m"Basic-Questions"[39m
                [33mhidden[39m=[32m""[39m
              [36m>[39m
                [36m<span>[39m
                  [36m<div[39m
                    [33mclass[39m=[32m"page-wrapper"[39m
                  [36m>[39m
                    [36m<div[39m
                      [33mclass[39m=[32m"Basic-Questions"[39m
                    [36m>[39m
                      [36m<header[39m
                        [33mclass[39m=[32m"Basic-Title"[39m
                        [33mstyle[39m=[32m"font-size: 40px;"[39m
                      [36m>[39m
                        [0m Basic Quiz[0m
                      [36m</header>[39m
                      [36m<h3[39m
                        [33mstyle[39m=[32m"color: white;"[39m
                      [36m>[39m
                        [0m1. I would like to develop new medicine[0m
                      [36m</h3>[39m
                      [36m<div>[39m
                        [36m<div[39m
                          [33mclass[39m=[32m"form-check form-check-inline"[39m
                          [33mstyle[39m=[32m"color: white;"[39m
                        [36m>[39m
                          [36m<input[39m
                            [33mclass[39m=[32m"form-check-input"[39m
                            [33mid[39m=[32m"Question 1"[39m
                            [33mname[39m=[32m"response1"[39m
                            [33mtype[39m=[32m"radio"[39m
                            [33mvalue[39m=[32m"Strongly disagree"[39m
                          [36m/>[39m
                          [36m<label[39m
                            [33mclass[39m=[32m"form-check-label"[39m
                            [33mfor[39m=[32m"Question 1"[39m
                            [33mtitle[39m=[32m""[39m
                          [36m>[39m
                            [0mStrongly disagree[0m
                          [36m</label>[39m
                        [36m</div>[39m
                        [36m<div[39m
                          [33mclass[39m=[32m"form-check form-check-inline"[39m
                          [33mstyle[39m=[32m"color: white;"[39m
                        [36m>[39m
                          [36m<input[39m
                            [33mclass[39m=[32m"form-check-input"[39m
                            [33mid[39m=[32m"Question 1"[39m
                            [33mname[39m=[32m"response1"[39m
                            [33mtype[39m=[32m"radio"[39m
                            [33mvalue[39m=[32m"Strongly disagree"[39m
                          [36m/>[39m
                          [36m<label[39m
                            [33mclass[39m=[32m"form-check-label"[39m
                            [33mfor[39m=[32m"Question 1"[39m
                            [33mtitle[39m=[32m""[39m
                          [36m>[39m
                            [0mDisagree[0m
                          [36m</label>[39m
                        [36m</div>[39m
                        [36m<div[39m
                          [33mclass[39m=[32m"form-check form-check-inline"[39m
                          [33mstyle[39m=[32m"color: white;"[39m
                        [36m>[39m
                          [36m<input[39m
                            [33mclass[39m=[32m"form-check-input"[39m
                            [33mid[39m=[32m"Question 1"[39m
                            [33mname[39m=[32m"response1"[39m
                            [33mtype[39m=[32m"radio"[39m
                            [33mvalue[39m=[32m"Strongly disagree"[39m
                          [36m/>[39m
                          [36m<label[39m
                            [33mclass[39m=[32m"form-check-label"[39m
                            [33mfor[39m=[32m"Question 1"[39m
                            [33mtitle[39m=[32m""[39m
                          [36m>[39m
                            [0mUnsure[0m
                          [36m</label>[39m
                        [36m</div>[39m
                        [36m<div[39m
                          [33mclass[39m=[32m"form-check form-check-inline"[39m
                          [33mstyle[39m=[32m"color: white;"[39m
                        [36m>[39m
                          [36m<input[39m
                            [33mclass[39m=[32m"form-check-input"[39m
                            [33mid[39m=[32m"Question 1"[39m
                            [33mname[39m=[32m"response1"[39m
                            [33mtype[39m=[32m"radio"[39m
                            [33mvalue[39m=[32m"Strongly disagree"[39m
                          [36m/>[39m
                          [36m<label[39m
                            [33mclass[39m=[32m"form-check-label"[39m
                            [33mfor[39m=[32m"Question 1"[39m
                            [33mtitle[39m=[32m""[39m
                          [36m>[39m
                            [0mAgree[0m
                          [36m</label>[39m
                        [36m</div>[39m
                        [36m<div[39m
                          [33mclass[39m=[32m"form-check form-check-inline"[39m
                          [33mstyle[39m=[32m"color: white;"[39m
                        [36m>[39m
                          [36m<input[39m
                            [33mclass[39m=[32m"form-check-input"[39m
                            [33mid[39m=[32m"Question 1"[39m
                            [33mname[39m=[32m"response1"[39m
               ...

       5 | test('renders learn react link', () => {
       6 |   render(<App />);
    >  7 |   const linkElement = screen.getByText(/learn react/i);
         |                              ^
       8 |   expect(linkElement).toBeInTheDocument();
       9 | });
      10 |

      at Object.getElementError (node_modules/@testing-library/react/node_modules/@testing-library/dom/dist/config.js:37:19)
      at node_modules/@testing-library/react/node_modules/@testing-library/dom/dist/query-helpers.js:76:38
      at node_modules/@testing-library/react/node_modules/@testing-library/dom/dist/query-helpers.js:52:17
      at getByText (node_modules/@testing-library/react/node_modules/@testing-library/dom/dist/query-helpers.js:95:19)
      at Object.<anonymous> (src/App.test.tsx:7:30)
      at TestScheduler.scheduleTests (node_modules/@jest/core/build/TestScheduler.js:333:13)
      at runJest (node_modules/@jest/core/build/runJest.js:404:19)
      at _run10000 (node_modules/@jest/core/build/cli/index.js:320:7)
      at runCLI (node_modules/@jest/core/build/cli/index.js:173:3)

------------------------|---------|----------|---------|---------|-----------------------------------------------------------
File                    | % Stmts | % Branch | % Funcs | % Lines | Uncovered Line #s                                         
------------------------|---------|----------|---------|---------|-----------------------------------------------------------
All files               |    28.8 |       15 |   29.72 |    29.5 |                                                           
 src                    |   26.19 |     8.33 |    12.5 |   26.19 |                                                           
  App.tsx               |   35.48 |     12.5 |   16.66 |   35.48 | 15,30-36,83-119                                           
  index.tsx             |       0 |      100 |     100 |       0 | 7-19                                                      
  reportWebVitals.ts    |       0 |        0 |       0 |       0 | 3-10                                                      
 src/Pages              |   30.12 |       25 |   34.48 |   31.25 |                                                           
  BasicQuestions.tsx    |   46.15 |      100 |   47.05 |   46.15 | 53-62,80-81,98-99,116-118,135-136,153-154,171-172,189-190 
  DetailedQuestions.tsx |   18.75 |      100 |      10 |   20.68 | 34-42,55-90,293-298                                       
  GPT.ts                |       0 |        0 |       0 |       0 | 4-26                                                      
  ReportPage.tsx        |     100 |       50 |     100 |     100 | 20-35                                                     
------------------------|---------|----------|---------|---------|-----------------------------------------------------------
Test Suites: 1 failed, 1 total
Tests:       1 failed, 1 total
Snapshots:   0 total
Time:        3.114 s
Ran all test suites.
[0;33mOne of your dependencies, babel-preset-react-app, is importing the
"@babel/plugin-proposal-private-property-in-object" package without
declaring it in its dependencies. This is currently working because
"@babel/plugin-proposal-private-property-in-object" is already in your
node_modules folder for unrelated reasons, but it [1mmay break at any time[0;33m.

babel-preset-react-app is part of the create-react-app project, [1mwhich
is not maintianed anymore[0;33m. It is thus unlikely that this bug will
ever be fixed. Add "@babel/plugin-proposal-private-property-in-object" to
your devDependencies to work around this error. This will make this message
go away.[0m
  
